2026-08-09 12:44:33,482 - __main__ - INFO - Bot ishga tushirilmoqda...
2026-08-09 12:44:36,257 - __main__ - INFO - Bot muvaffaqiyatli ishga tushdi!
2026-08-09 12:44:39,769 - httpx - INFO - HTTP Request: POST https://api.telegram.org/bot8354907200:AAGzTYI4zJD1I0FCOqnMmTaFHmjaQAsyEZM/getMe "HTTP/1.1 200 OK"
2026-08-09 12:44:39,896 - httpx - INFO - HTTP Request: POST https://api.telegram.org/bot8354907200:AAGzTYI4zJD1I0FCOqnMmTaFHmjaQAsyEZM/deleteWebhook "HTTP/1.1 200 OK"
2026-08-09 12:44:39,898 - telegram.ext.Application - INFO - Application started
2026-08-09 12:44:50,218 - httpx - INFO - HTTP Request: POST https://api.telegram.org/bot8354907200:AAGzTYI4zJD1I0FCOqnMmTaFHmjaQAsyEZM/getUpdates "HTTP/1.1 200 OK"
2026-08-09 12:44:54,456 - __main__ - INFO - Bot ishga tushirilmoqda...
2026-08-09 12:44:55,202 - __main__ - INFO - Bot muvaffaqiyatli ishga tushdi!
2026-08-09 12:44:55,560 - httpx - INFO - HTTP Request: POST https://api.telegram.org/bot8354907200:AAGzTYI4zJD1I0FCOqnMmTaFHmjaQAsyEZM/getMe "HTTP/1.1 200 OK"
2026-08-09 12:44:55,669 - httpx - INFO - HTTP Request: POST https://api.telegram.org/bot8354907200:AAGzTYI4zJD1I0FCOqnMmTaFHmjaQAsyEZM/deleteWebhook "HTTP/1.1 200 OK"
2026-08-09 12:44:55,672 - telegram.ext.Application - INFO - Application started
2026-08-09 12:44:55,978 - httpx - INFO - HTTP Request: POST https://api.telegram.org/bot8354907200:AAGzTYI4zJD1I0FCOqnMmTaFHmjaQAsyEZM/getUpdates "HTTP/1.1 409 Conflict"
2026-08-09 12:44:55,980 - __main__ - ERROR - Xatolik yuz berdi: Conflict: terminated by other getUpdates request; make sure that only one bot instance is running
NoneType: None
2026-08-09 12:45:00,094 - httpx - INFO - HTTP Request: POST https://api.telegram.org/bot8354907200:AAGzTYI4zJD1I0FCOqnMmTaFHmjaQAsyEZM/getUpdates "HTTP/1.1 409 Conflict"
2026-08-09 12:45:00,094 - __main__ - ERROR - Xatolik yuz berdi: Conflict: terminated by other getUpdates request; make sure that only one bot instance is running
NoneType: None
2026-08-09 12:45:01,405 - httpx - INFO - HTTP Request: POST https://api.telegram.org/bot8354907200:AAGzTYI4zJD1I0FCOqnMmTaFHmjaQAsyEZM/getUpdates "HTTP/1.1 409 Conflict"
2026-08-09 12:45:01,407 - __main__ - ERROR - Xatolik yuz berdi: Conflict: terminated by other getUpdates request; make sure that only one bot instance is running
NoneType: None
2026-08-09 12:45:06,023 - httpx - INFO - HTTP Request: POST https://api.telegram.org/bot8354907200:AAGzTYI4zJD1I0FCOqnMmTaFHmjaQAsyEZM/getUpdates "HTTP/1.1 409 Conflict"
2026-08-09 12:45:06,023 - __main__ - ERROR - Xatolik yuz berdi: Conflict: terminated by other getUpdates request; make sure that only one bot instance is running
NoneType: None
2026-08-09 12:45:07,628 - httpx - INFO - HTTP Request: POST https://api.telegram.org/bot8354907200:AAGzTYI4zJD1I0FCOqnMmTaFHmjaQAsyEZM/getUpdates "HTTP/1.1 409 Conflict"
2026-08-09 12:45:07,628 - __main__ - ERROR - Xatolik yuz berdi: Conflict: terminated by other getUpdates request; make sure that only one bot instance is running
NoneType: None
2026-08-09 12:45:13,047 - httpx - INFO - HTTP Request: POST https://api.telegram.org/bot8354907200:AAGzTYI4zJD1I0FCOqnMmTaFHmjaQAsyEZM/getUpdates "HTTP/1.1 409 Conflict"
2026-08-09 12:45:13,047 - __main__ - ERROR - Xatolik yuz berdi: Conflict: terminated by other getUpdates request; make sure that only one bot instance is running
NoneType: None
2026-08-09 12:45:15,414 - httpx - INFO - HTTP Request: POST https://api.telegram.org/bot8354907200:AAGzTYI4zJD1I0FCOqnMmTaFHmjaQAsyEZM/getUpdates "HTTP/1.1 409 Conflict"
2026-08-09 12:45:15,414 - __main__ - ERROR - Xatolik yuz berdi: Conflict: terminated by other getUpdates request; make sure that only one bot instance is running
NoneType: None
2026-08-09 12:45:18,898 - httpx - INFO - HTTP Request: POST https://api.telegram.org/bot8354907200:AAGzTYI4zJD1I0FCOqnMmTaFHmjaQAsyEZM/getUpdates "HTTP/1.1 409 Conflict"
2026-08-09 12:45:18,899 - __main__ - ERROR - Xatolik yuz berdi: Conflict: terminated by other getUpdates request; make sure that only one bot instance is running
NoneType: None
2026-08-09 12:45:22,568 - httpx - INFO - HTTP Request: POST https://api.telegram.org/bot8354907200:AAGzTYI4zJD1I0FCOqnMmTaFHmjaQAsyEZM/getUpdates "HTTP/1.1 409 Conflict"
2026-08-09 12:45:22,570 - __main__ - ERROR - Xatolik yuz berdi: Conflict: terminated by other getUpdates request; make sure that only one bot instance is running
NoneType: None
2026-08-09 12:45:28,223 - httpx - INFO - HTTP Request: POST https://api.telegram.org/bot8354907200:AAGzTYI4zJD1I0FCOqnMmTaFHmjaQAsyEZM/getUpdates "HTTP/1.1 409 Conflict"
2026-08-09 12:45:28,224 - __main__ - ERROR - Xatolik yuz berdi: Conflict: terminated by other getUpdates request; make sure that only one bot instance is running
NoneType: None
2026-08-09 12:45:33,942 - httpx - INFO - HTTP Request: POST https://api.telegram.org/bot8354907200:AAGzTYI4zJD1I0FCOqnMmTaFHmjaQAsyEZM/getUpdates "HTTP/1.1 409 Conflict"
2026-08-09 12:45:33,943 - __main__ - ERROR - Xatolik yuz berdi: Conflict: terminated by other getUpdates request; make sure that only one bot instance is running
NoneType: None
2026-08-09 12:45:41,938 - httpx - INFO - HTTP Request: POST https://api.telegram.org/bot8354907200:AAGzTYI4zJD1I0FCOqnMmTaFHmjaQAsyEZM/getUpdates "HTTP/1.1 409 Conflict"
2026-08-09 12:45:41,940 - __main__ - ERROR - Xatolik yuz berdi: Conflict: terminated by other getUpdates request; make sure that only one bot instance is running
NoneType: None
2026-08-09 12:45:49,864 - httpx - INFO - HTTP Request: POST https://api.telegram.org/bot8354907200:AAGzTYI4zJD1I0FCOqnMmTaFHmjaQAsyEZM/getUpdates "HTTP/1.1 409 Conflict"
2026-08-09 12:45:49,864 - __main__ - ERROR - Xatolik yuz berdi: Conflict: terminated by other getUpdates request; make sure that only one bot instance is running
NoneType: None
2026-08-09 12:45:59,873 - httpx - INFO - HTTP Request: POST https://api.telegram.org/bot8354907200:AAGzTYI4zJD1I0FCOqnMmTaFHmjaQAsyEZM/getUpdates "HTTP/1.1 200 OK"
2026-08-09 12:46:09,991 - httpx - INFO - HTTP Request: POST https://api.telegram.org/bot8354907200:AAGzTYI4zJD1I0FCOqnMmTaFHmjaQAsyEZM/getUpdates "HTTP/1.1 200 OK"
2026-08-09 12:46:20,129 - httpx - INFO - HTTP Request: POST https://api.telegram.org/bot8354907200:AAGzTYI4zJD1I0FCOqnMmTaFHmjaQAsyEZM/getUpdates "HTTP/1.1 200 OK"
2026-08-09 12:46:30,436 - httpx - INFO - HTTP Request: POST https://api.telegram.org/bot8354907200:AAGzTYI4zJD1I0FCOqnMmTaFHmjaQAsyEZM/getUpdates "HTTP/1.1 200 OK"
2026-08-09 12:46:40,616 - httpx - INFO - HTTP Request: POST https://api.telegram.org/bot8354907200:AAGzTYI4zJD1I0FCOqnMmTaFHmjaQAsyEZM/getUpdates "HTTP/1.1 200 OK"
2026-08-09 12:46:42,991 - __main__ - INFO - Bot ishga tushirilmoqda...
2026-08-09 12:46:43,709 - __main__ - INFO - Bot muvaffaqiyatli ishga tushdi!
2026-08-09 12:46:44,055 - httpx - INFO - HTTP Request: POST https://api.telegram.org/bot8354907200:AAGzTYI4zJD1I0FCOqnMmTaFHmjaQAsyEZM/getMe "HTTP/1.1 200 OK"
2026-08-09 12:46:44,176 - httpx - INFO - HTTP Request: POST https://api.telegram.org/bot8354907200:AAGzTYI4zJD1I0FCOqnMmTaFHmjaQAsyEZM/deleteWebhook "HTTP/1.1 200 OK"
2026-08-09 12:46:44,180 - telegram.ext.Application - INFO - Application started
2026-08-09 12:46:44,506 - httpx - INFO - HTTP Request: POST https://api.telegram.org/bot8354907200:AAGzTYI4zJD1I0FCOqnMmTaFHmjaQAsyEZM/getUpdates "HTTP/1.1 409 Conflict"
2026-08-09 12:46:44,506 - __main__ - ERROR - Xatolik yuz berdi: Conflict: terminated by other getUpdates request; make sure that only one bot instance is running
NoneType: None
2026-08-09 12:46:48,681 - httpx - INFO - HTTP Request: POST https://api.telegram.org/bot8354907200:AAGzTYI4zJD1I0FCOqnMmTaFHmjaQAsyEZM/getUpdates "HTTP/1.1 409 Conflict"
2026-08-09 12:46:48,683 - __main__ - ERROR - Xatolik yuz berdi: Conflict: terminated by other getUpdates request; make sure that only one bot instance is running
NoneType: None
2026-08-09 12:46:49,913 - httpx - INFO - HTTP Request: POST https://api.telegram.org/bot8354907200:AAGzTYI4zJD1I0FCOqnMmTaFHmjaQAsyEZM/getUpdates "HTTP/1.1 409 Conflict"
2026-08-09 12:46:49,916 - __main__ - ERROR - Xatolik yuz berdi: Conflict: terminated by other getUpdates request; make sure that only one bot instance is running
NoneType: None
2026-08-09 12:46:54,624 - httpx - INFO - HTTP Request: POST https://api.telegram.org/bot8354907200:AAGzTYI4zJD1I0FCOqnMmTaFHmjaQAsyEZM/getUpdates "HTTP/1.1 409 Conflict"
2026-08-09 12:46:54,625 - __main__ - ERROR - Xatolik yuz berdi: Conflict: terminated by other getUpdates request; make sure that only one bot instance is running
NoneType: None
2026-08-09 12:46:56,247 - httpx - INFO - HTTP Request: POST https://api.telegram.org/bot8354907200:AAGzTYI4zJD1I0FCOqnMmTaFHmjaQAsyEZM/getUpdates "HTTP/1.1 409 Conflict"
2026-08-09 12:46:56,249 - __main__ - ERROR - Xatolik yuz berdi: Conflict: terminated by other getUpdates request; make sure that only one bot instance is running
NoneType: None
2026-08-09 12:47:01,704 - httpx - INFO - HTTP Request: POST https://api.telegram.org/bot8354907200:AAGzTYI4zJD1I0FCOqnMmTaFHmjaQAsyEZM/getUpdates "HTTP/1.1 409 Conflict"
2026-08-09 12:47:01,704 - __main__ - ERROR - Xatolik yuz berdi: Conflict: terminated by other getUpdates request; make sure that only one bot instance is running
NoneType: None
2026-08-09 12:47:04,141 - httpx - INFO - HTTP Request: POST https://api.telegram.org/bot8354907200:AAGzTYI4zJD1I0FCOqnMmTaFHmjaQAsyEZM/getUpdates "HTTP/1.1 409 Conflict"
2026-08-09 12:47:04,142 - __main__ - ERROR - Xatolik yuz berdi: Conflict: terminated by other getUpdates request; make sure that only one bot instance is running
NoneType: None
2026-08-09 12:47:07,637 - httpx - INFO - HTTP Request: POST https://api.telegram.org/bot8354907200:AAGzTYI4zJD1I0FCOqnMmTaFHmjaQAsyEZM/getUpdates "HTTP/1.1 409 Conflict"
2026-08-09 12:47:07,639 - __main__ - ERROR - Xatolik yuz berdi: Conflict: terminated by other getUpdates request; make sure that only one bot instance is running
NoneType: None
2026-08-09 12:47:11,181 - httpx - INFO - HTTP Request: POST https://api.telegram.org/bot8354907200:AAGzTYI4zJD1I0FCOqnMmTaFHmjaQAsyEZM/getUpdates "HTTP/1.1 409 Conflict"
2026-08-09 12:47:11,184 - __main__ - ERROR - Xatolik yuz berdi: Conflict: terminated by other getUpdates request; make sure that only one bot instance is running
NoneType: None
2026-08-09 12:47:16,932 - httpx - INFO - HTTP Request: POST https://api.telegram.org/bot8354907200:AAGzTYI4zJD1I0FCOqnMmTaFHmjaQAsyEZM/getUpdates "HTTP/1.1 409 Conflict"
2026-08-09 12:47:16,933 - __main__ - ERROR - Xatolik yuz berdi: Conflict: terminated by other getUpdates request; make sure that only one bot instance is running
NoneType: None
2026-08-09 12:47:22,721 - httpx - INFO - HTTP Request: POST https://api.telegram.org/bot8354907200:AAGzTYI4zJD1I0FCOqnMmTaFHmjaQAsyEZM/getUpdates "HTTP/1.1 409 Conflict"
2026-08-09 12:47:22,722 - __main__ - ERROR - Xatolik yuz berdi: Conflict: terminated by other getUpdates request; make sure that only one bot instance is running
NoneType: None
2026-08-09 12:47:30,766 - httpx - INFO - HTTP Request: POST https://api.telegram.org/bot8354907200:AAGzTYI4zJD1I0FCOqnMmTaFHmjaQAsyEZM/getUpdates "HTTP/1.1 409 Conflict"
2026-08-09 12:47:30,767 - __main__ - ERROR - Xatolik yuz berdi: Conflict: terminated by other getUpdates request; make sure that only one bot instance is running
NoneType: None
2026-08-09 12:47:38,965 - httpx - INFO - HTTP Request: POST https://api.telegram.org/bot8354907200:AAGzTYI4zJD1I0FCOqnMmTaFHmjaQAsyEZM/getUpdates "HTTP/1.1 409 Conflict"
2026-08-09 12:47:38,966 - __main__ - ERROR - Xatolik yuz berdi: Conflict: terminated by other getUpdates request; make sure that only one bot instance is running
NoneType: None
2026-08-09 12:47:48,958 - httpx - INFO - HTTP Request: POST https://api.telegram.org/bot8354907200:AAGzTYI4zJD1I0FCOqnMmTaFHmjaQAsyEZM/getUpdates "HTTP/1.1 200 OK"
2026-08-09 12:47:50,688 - httpx - INFO - HTTP Request: POST https://api.telegram.org/bot8354907200:AAGzTYI4zJD1I0FCOqnMmTaFHmjaQAsyEZM/getUpdates "HTTP/1.1 409 Conflict"
2026-08-09 12:47:50,689 - __main__ - ERROR - Xatolik yuz berdi: Conflict: terminated by other getUpdates request; make sure that only one bot instance is running
NoneType: None
2026-08-09 12:47:54,847 - httpx - INFO - HTTP Request: POST https://api.telegram.org/bot8354907200:AAGzTYI4zJD1I0FCOqnMmTaFHmjaQAsyEZM/getUpdates "HTTP/1.1 409 Conflict"
2026-08-09 12:47:54,848 - __main__ - ERROR - Xatolik yuz berdi: Conflict: terminated by other getUpdates request; make sure that only one bot instance is running
NoneType: None
2026-08-09 12:48:01,804 - httpx - INFO - HTTP Request: POST https://api.telegram.org/bot8354907200:AAGzTYI4zJD1I0FCOqnMmTaFHmjaQAsyEZM/getUpdates "HTTP/1.1 200 OK"
2026-08-09 12:48:11,941 - httpx - INFO - HTTP Request: POST https://api.telegram.org/bot8354907200:AAGzTYI4zJD1I0FCOqnMmTaFHmjaQAsyEZM/getUpdates "HTTP/1.1 200 OK"
2026-08-09 12:48:12,961 - httpx - INFO - HTTP Request: POST https://api.telegram.org/bot8354907200:AAGzTYI4zJD1I0FCOqnMmTaFHmjaQAsyEZM/getUpdates "HTTP/1.1 409 Conflict"
2026-08-09 12:48:12,963 - __main__ - ERROR - Xatolik yuz berdi: Conflict: terminated by other getUpdates request; make sure that only one bot instance is running
NoneType: None
2026-08-09 12:48:17,299 - httpx - INFO - HTTP Request: POST https://api.telegram.org/bot8354907200:AAGzTYI4zJD1I0FCOqnMmTaFHmjaQAsyEZM/getUpdates "HTTP/1.1 409 Conflict"
2026-08-09 12:48:17,299 - __main__ - ERROR - Xatolik yuz berdi: Conflict: terminated by other getUpdates request; make sure that only one bot instance is running
NoneType: None
2026-08-09 12:48:24,550 - httpx - INFO - HTTP Request: POST https://api.telegram.org/bot8354907200:AAGzTYI4zJD1I0FCOqnMmTaFHmjaQAsyEZM/getUpdates "HTTP/1.1 200 OK"
2026-08-09 12:48:34,686 - httpx - INFO - HTTP Request: POST https://api.telegram.org/bot8354907200:AAGzTYI4zJD1I0FCOqnMmTaFHmjaQAsyEZM/getUpdates "HTTP/1.1 200 OK"
2026-08-09 12:48:43,669 - httpx - INFO - HTTP Request: POST https://api.telegram.org/bot8354907200:AAGzTYI4zJD1I0FCOqnMmTaFHmjaQAsyEZM/getUpdates "HTTP/1.1 409 Conflict"
2026-08-09 12:48:43,677 - __main__ - ERROR - Xatolik yuz berdi: Conflict: terminated by other getUpdates request; make sure that only one bot instance is running
NoneType: None
2026-08-09 12:48:47,814 - httpx - INFO - HTTP Request: POST https://api.telegram.org/bot8354907200:AAGzTYI4zJD1I0FCOqnMmTaFHmjaQAsyEZM/getUpdates "HTTP/1.1 409 Conflict"
2026-08-09 12:48:47,818 - __main__ - ERROR - Xatolik yuz berdi: Conflict: terminated by other getUpdates request; make sure that only one bot instance is running
NoneType: None
2026-08-09 12:48:55,066 - httpx - INFO - HTTP Request: POST https://api.telegram.org/bot8354907200:AAGzTYI4zJD1I0FCOqnMmTaFHmjaQAsyEZM/getUpdates "HTTP/1.1 200 OK"
2026-08-09 12:49:05,206 - httpx - INFO - HTTP Request: POST https://api.telegram.org/bot8354907200:AAGzTYI4zJD1I0FCOqnMmTaFHmjaQAsyEZM/getUpdates "HTTP/1.1 200 OK"
2026-08-09 12:49:15,358 - httpx - INFO - HTTP Request: POST https://api.telegram.org/bot8354907200:AAGzTYI4zJD1I0FCOqnMmTaFHmjaQAsyEZM/getUpdates "HTTP/1.1 200 OK"
2026-08-09 12:49:18,409 - httpx - INFO - HTTP Request: POST https://api.telegram.org/bot8354907200:AAGzTYI4zJD1I0FCOqnMmTaFHmjaQAsyEZM/getUpdates "HTTP/1.1 409 Conflict"
2026-08-09 12:49:18,413 - __main__ - ERROR - Xatolik yuz berdi: Conflict: terminated by other getUpdates request; make sure that only one bot instance is running
NoneType: None
2026-08-09 12:49:22,710 - httpx - INFO - HTTP Request: POST https://api.telegram.org/bot8354907200:AAGzTYI4zJD1I0FCOqnMmTaFHmjaQAsyEZM/getUpdates "HTTP/1.1 409 Conflict"
2026-08-09 12:49:22,710 - __main__ - ERROR - Xatolik yuz berdi: Conflict: terminated by other getUpdates request; make sure that only one bot instance is running
NoneType: None
2026-08-09 12:49:29,668 - httpx - INFO - HTTP Request: POST https://api.telegram.org/bot8354907200:AAGzTYI4zJD1I0FCOqnMmTaFHmjaQAsyEZM/getUpdates "HTTP/1.1 200 OK"
2026-08-09 12:49:40,004 - httpx - INFO - HTTP Request: POST https://api.telegram.org/bot8354907200:AAGzTYI4zJD1I0FCOqnMmTaFHmjaQAsyEZM/getUpdates "HTTP/1.1 200 OK"
2026-08-09 12:49:50,241 - httpx - INFO - HTTP Request: POST https://api.telegram.org/bot8354907200:AAGzTYI4zJD1I0FCOqnMmTaFHmjaQAsyEZM/getUpdates "HTTP/1.1 200 OK"
2026-08-09 12:49:53,272 - httpx - INFO - HTTP Request: POST https://api.telegram.org/bot8354907200:AAGzTYI4zJD1I0FCOqnMmTaFHmjaQAsyEZM/getUpdates "HTTP/1.1 409 Conflict"
2026-08-09 12:49:53,272 - __main__ - ERROR - Xatolik yuz berdi: Conflict: terminated by other getUpdates request; make sure that only one bot instance is running
NoneType: None
2026-08-09 12:49:57,412 - httpx - INFO - HTTP Request: POST https://api.telegram.org/bot8354907200:AAGzTYI4zJD1I0FCOqnMmTaFHmjaQAsyEZM/getUpdates "HTTP/1.1 409 Conflict"
2026-08-09 12:49:57,412 - __main__ - ERROR - Xatolik yuz berdi: Conflict: terminated by other getUpdates request; make sure that only one bot instance is running
NoneType: None
2026-08-09 12:50:04,511 - httpx - INFO - HTTP Request: POST https://api.telegram.org/bot8354907200:AAGzTYI4zJD1I0FCOqnMmTaFHmjaQAsyEZM/getUpdates "HTTP/1.1 200 OK"
2026-08-09 12:50:14,813 - httpx - INFO - HTTP Request: POST https://api.telegram.org/bot8354907200:AAGzTYI4zJD1I0FCOqnMmTaFHmjaQAsyEZM/getUpdates "HTTP/1.1 200 OK"
2026-08-09 12:50:25,163 - httpx - INFO - HTTP Request: POST https://api.telegram.org/bot8354907200:AAGzTYI4zJD1I0FCOqnMmTaFHmjaQAsyEZM/getUpdates "HTTP/1.1 200 OK"
2026-08-09 12:50:28,309 - httpx - INFO - HTTP Request: POST https://api.telegram.org/bot8354907200:AAGzTYI4zJD1I0FCOqnMmTaFHmjaQAsyEZM/getUpdates "HTTP/1.1 409 Conflict"
2026-08-09 12:50:28,311 - __main__ - ERROR - Xatolik yuz berdi: Conflict: terminated by other getUpdates request; make sure that only one bot instance is running
NoneType: None
2026-08-09 12:50:32,650 - httpx - INFO - HTTP Request: POST https://api.telegram.org/bot8354907200:AAGzTYI4zJD1I0FCOqnMmTaFHmjaQAsyEZM/getUpdates "HTTP/1.1 409 Conflict"
2026-08-09 12:50:32,651 - __main__ - ERROR - Xatolik yuz berdi: Conflict: terminated by other getUpdates request; make sure that only one bot instance is running
NoneType: None
2026-08-09 12:50:39,595 - httpx - INFO - HTTP Request: POST https://api.telegram.org/bot8354907200:AAGzTYI4zJD1I0FCOqnMmTaFHmjaQAsyEZM/getUpdates "HTTP/1.1 200 OK"
2026-08-09 12:50:49,777 - httpx - INFO - HTTP Request: POST https://api.telegram.org/bot8354907200:AAGzTYI4zJD1I0FCOqnMmTaFHmjaQAsyEZM/getUpdates "HTTP/1.1 200 OK"
2026-08-09 12:50:59,901 - httpx - INFO - HTTP Request: POST https://api.telegram.org/bot8354907200:AAGzTYI4zJD1I0FCOqnMmTaFHmjaQAsyEZM/getUpdates "HTTP/1.1 200 OK"
2026-08-09 12:51:03,213 - httpx - INFO - HTTP Request: POST https://api.telegram.org/bot8354907200:AAGzTYI4zJD1I0FCOqnMmTaFHmjaQAsyEZM/getUpdates "HTTP/1.1 409 Conflict"
2026-08-09 12:51:03,214 - __main__ - ERROR - Xatolik yuz berdi: Conflict: terminated by other getUpdates request; make sure that only one bot instance is running
NoneType: None
2026-08-09 12:51:07,577 - httpx - INFO - HTTP Request: POST https://api.telegram.org/bot8354907200:AAGzTYI4zJD1I0FCOqnMmTaFHmjaQAsyEZM/getUpdates "HTTP/1.1 409 Conflict"
2026-08-09 12:51:07,578 - __main__ - ERROR - Xatolik yuz berdi: Conflict: terminated by other getUpdates request; make sure that only one bot instance is running
NoneType: None
2026-08-09 12:51:14,624 - httpx - INFO - HTTP Request: POST https://api.telegram.org/bot8354907200:AAGzTYI4zJD1I0FCOqnMmTaFHmjaQAsyEZM/getUpdates "HTTP/1.1 200 OK"
2026-08-09 12:51:24,766 - httpx - INFO - HTTP Request: POST https://api.telegram.org/bot8354907200:AAGzTYI4zJD1I0FCOqnMmTaFHmjaQAsyEZM/getUpdates "HTTP/1.1 200 OK"
2026-08-09 12:51:35,007 - httpx - INFO - HTTP Request: POST https://api.telegram.org/bot8354907200:AAGzTYI4zJD1I0FCOqnMmTaFHmjaQAsyEZM/getUpdates "HTTP/1.1 200 OK"
2026-08-09 12:51:38,583 - httpx - INFO - HTTP Request: POST https://api.telegram.org/bot8354907200:AAGzTYI4zJD1I0FCOqnMmTaFHmjaQAsyEZM/getUpdates "HTTP/1.1 409 Conflict"
2026-08-09 12:51:38,584 - __main__ - ERROR - Xatolik yuz berdi: Conflict: terminated by other getUpdates request; make sure that only one bot instance is running
NoneType: None
2026-08-09 12:51:42,789 - httpx - INFO - HTTP Request: POST https://api.telegram.org/bot8354907200:AAGzTYI4zJD1I0FCOqnMmTaFHmjaQAsyEZM/getUpdates "HTTP/1.1 409 Conflict"
2026-08-09 12:51:42,792 - __main__ - ERROR - Xatolik yuz berdi: Conflict: terminated by other getUpdates request; make sure that only one bot instance is running
NoneType: None
2026-08-09 12:51:49,785 - httpx - INFO - HTTP Request: POST https://api.telegram.org/bot8354907200:AAGzTYI4zJD1I0FCOqnMmTaFHmjaQAsyEZM/getUpdates "HTTP/1.1 200 OK"
2026-08-09 12:52:00,218 - httpx - INFO - HTTP Request: POST https://api.telegram.org/bot8354907200:AAGzTYI4zJD1I0FCOqnMmTaFHmjaQAsyEZM/getUpdates "HTTP/1.1 200 OK"
2026-08-09 12:52:10,340 - httpx - INFO - HTTP Request: POST https://api.telegram.org/bot8354907200:AAGzTYI4zJD1I0FCOqnMmTaFHmjaQAsyEZM/getUpdates "HTTP/1.1 200 OK"
2026-08-09 12:52:13,713 - httpx - INFO - HTTP Request: POST https://api.telegram.org/bot8354907200:AAGzTYI4zJD1I0FCOqnMmTaFHmjaQAsyEZM/getUpdates "HTTP/1.1 409 Conflict"
2026-08-09 12:52:13,714 - __main__ - ERROR - Xatolik yuz berdi: Conflict: terminated by other getUpdates request; make sure that only one bot instance is running
NoneType: None
2026-08-09 12:52:18,130 - httpx - INFO - HTTP Request: POST https://api.telegram.org/bot8354907200:AAGzTYI4zJD1I0FCOqnMmTaFHmjaQAsyEZM/getUpdates "HTTP/1.1 409 Conflict"
2026-08-09 12:52:18,131 - __main__ - ERROR - Xatolik yuz berdi: Conflict: terminated by other getUpdates request; make sure that only one bot instance is running
NoneType: None
2026-08-09 12:52:24,895 - httpx - INFO - HTTP Request: POST https://api.telegram.org/bot8354907200:AAGzTYI4zJD1I0FCOqnMmTaFHmjaQAsyEZM/getUpdates "HTTP/1.1 200 OK"
2026-08-09 13:02:38,002 - __main__ - INFO - Bot ishga tushirilmoqda...
2026-08-09 13:02:38,787 - __main__ - INFO - Bot muvaffaqiyatli ishga tushdi!
2026-08-09 13:02:39,139 - httpx - INFO - HTTP Request: POST https://api.telegram.org/bot8354907200:AAGzTYI4zJD1I0FCOqnMmTaFHmjaQAsyEZM/getMe "HTTP/1.1 200 OK"
2026-08-09 13:02:39,243 - httpx - INFO - HTTP Request: POST https://api.telegram.org/bot8354907200:AAGzTYI4zJD1I0FCOqnMmTaFHmjaQAsyEZM/deleteWebhook "HTTP/1.1 200 OK"
2026-08-09 13:02:39,246 - telegram.ext.Application - INFO - Application started
2026-08-09 13:02:39,623 - httpx - INFO - HTTP Request: POST https://api.telegram.org/bot8354907200:AAGzTYI4zJD1I0FCOqnMmTaFHmjaQAsyEZM/getUpdates "HTTP/1.1 200 OK"
2026-08-09 13:02:39,774 - httpx - INFO - HTTP Request: POST https://api.telegram.org/bot8354907200:AAGzTYI4zJD1I0FCOqnMmTaFHmjaQAsyEZM/sendMessage "HTTP/1.1 200 OK"
2026-08-09 13:02:39,947 - httpx - INFO - HTTP Request: POST https://api.telegram.org/bot8354907200:AAGzTYI4zJD1I0FCOqnMmTaFHmjaQAsyEZM/sendMessage "HTTP/1.1 200 OK"
2026-08-09 13:02:49,740 - httpx - INFO - HTTP Request: POST https://api.telegram.org/bot8354907200:AAGzTYI4zJD1I0FCOqnMmTaFHmjaQAsyEZM/getUpdates "HTTP/1.1 200 OK"
